Despite the constant negative press covfefe
It has nothing to do with the oranges of the investigation, global waming, or hamberders
